
> med3d@1.0.0 build
> vite build && node scripts/static-routes.mjs

vite v7.3.6 building client environment for production...
transforming...
✓ 5324 modules transformed.
rendering chunks...
computing gzip size...
dist/index.html                                                   1.19 kB │ gzip:   0.61 kB
dist/assets/geist-mono-symbols2-wght-normal-CO5SzqOn.woff2        5.81 kB
dist/assets/geist-mono-cyrillic-ext-wght-normal-X_5orZeX.woff2    6.18 kB
dist/assets/geist-cyrillic-ext-wght-normal-DjL33-gN.woff2         7.42 kB
dist/assets/geist-mono-vietnamese-wght-normal-DadHysG0.woff2      7.70 kB
dist/assets/geist-vietnamese-wght-normal-6IgcOCM7.woff2           8.00 kB
dist/assets/geist-mono-cyrillic-wght-normal-DiZS0aHC.woff2       12.94 kB
dist/assets/geist-mono-latin-ext-wght-normal-Bwz-egvJ.woff2      14.70 kB
dist/assets/geist-cyrillic-wght-normal-BEAKL7Jp.woff2            15.08 kB
dist/assets/geist-latin-ext-wght-normal-DC-KSUi6.woff2           16.51 kB
dist/assets/geist-mono-latin-wght-normal-XN7g48iV.woff2          23.13 kB
dist/assets/geist-latin-wght-normal-BgDaEnEv.woff2               29.40 kB
dist/assets/index-BXAy1yUC.css                                    8.57 kB │ gzip:   2.38 kB
dist/assets/index-B9SmE3Pw.css                                   10.99 kB │ gzip:   2.62 kB
dist/assets/about-u_aBuI98.css                                   13.73 kB │ gzip:   3.08 kB
dist/assets/SkeletalAtlas-BfRc6NAV.css                           15.49 kB │ gzip:   3.60 kB
dist/assets/anatomy-CdgjjqS4.css                                 19.67 kB │ gzip:   4.83 kB
dist/assets/LearningCatalog-TxtNiQwt.css                         20.74 kB │ gzip:   4.24 kB
dist/assets/index-Dhy0e13l.js                                     0.42 kB │ gzip:   0.28 kB
dist/assets/index-BdX5AIOz.js                                     0.42 kB │ gzip:   0.28 kB
dist/assets/_slug-w1f5j89W.js                                     0.60 kB │ gzip:   0.37 kB
dist/assets/_slug-ChhKqiiZ.js                                     0.60 kB │ gzip:   0.37 kB
dist/assets/anatomia-Dsn4K9jS.js                                  1.22 kB │ gzip:   0.68 kB
dist/assets/CaretRight.es-D7qHAk_E.js                             1.37 kB │ gzip:   0.54 kB
dist/assets/ArrowRight.es-DxQlSLRU.js                             1.52 kB │ gzip:   0.60 kB
dist/assets/Check.es-2FA_X4RB.js                                  1.53 kB │ gzip:   0.57 kB
dist/assets/MagnifyingGlass.es-BUBxZ00c.js                        1.62 kB │ gzip:   0.65 kB
dist/assets/Info.es-DrQFuPMl.js                                   2.19 kB │ gzip:   0.78 kB
dist/assets/BookOpen.es-CPkNzzXt.js                               2.56 kB │ gzip:   0.85 kB
dist/assets/Cube.es-eqUTU3J9.js                                   2.68 kB │ gzip:   0.91 kB
dist/assets/Stack.es-Dt7HYhbk.js                                  2.98 kB │ gzip:   0.87 kB
dist/assets/Gauge.es-Fz83AHyJ.js                                  3.39 kB │ gzip:   1.29 kB
dist/assets/Bone.es-BSNYTAl3.js                                   3.66 kB │ gzip:   1.22 kB
dist/assets/Heartbeat.es-ynCoF7Yw.js                              4.60 kB │ gzip:   1.73 kB
dist/assets/Brain.es-CBCGhRDL.js                                  5.43 kB │ gzip:   1.65 kB
dist/assets/AnatomyScene-D9aPpd-y.js                             11.97 kB │ gzip:   5.18 kB
dist/assets/index-BlZZ0Li6.js                                    14.63 kB │ gzip:   4.56 kB
dist/assets/LearningScene-B2a40Tkf.js                            17.44 kB │ gzip:   5.83 kB
dist/assets/acerca-DVpML1T8.js                                   18.90 kB │ gzip:   5.94 kB
dist/assets/arquitectura-BUvjMhjl.js                             19.15 kB │ gzip:   6.16 kB
dist/assets/LegacyOrganAtlas-CH36_6eE.js                         20.08 kB │ gzip:   6.57 kB
dist/assets/SlidersHorizontal.es-GdNpFysT.js                     21.10 kB │ gzip:   4.97 kB
dist/assets/LessonPage-CFvzqbVQ.js                               25.35 kB │ gzip:   7.37 kB
dist/assets/AtlasScene-DabFh8OT.js                               25.47 kB │ gzip:  10.19 kB
dist/assets/LearningCatalog-6oIDVtmy.js                          43.44 kB │ gzip:  13.63 kB
dist/assets/SceneBoundary--BscgXqq.js                            79.18 kB │ gzip:  24.15 kB
dist/assets/data-Bu1XdiSw.js                                     88.53 kB │ gzip:  13.67 kB
dist/assets/SkeletalAtlas-Dj0CyF1r.js                           144.15 kB │ gzip:  41.44 kB
dist/assets/index-BThvZnss.js                                   321.52 kB │ gzip: 101.63 kB
dist/assets/OrbitControls-BoQUPpie.js                           920.01 kB │ gzip: 246.96 kB
npm.cmd :
En línea: 10 Carácter: 1
+ npm.cmd run build 2>&1 | Tee-Object -FilePath '.cache/phase4-expansio ...
+ ~~~~~~~~~~~~~~~~~~~~~~
    + CategoryInfo          : NotSpecified: (:String) [], RemoteException
    + FullyQualifiedErrorId : NativeCommandError

(!) Some chunks are larger than 500 kB after minification. Consider:
- Using dynamic import() to code-split the application
- Use build.rollupOptions.output.manualChunks to improve chunking:
https://rollupjs.org/configuration-options/#output-manualchunks
- Adjust chunk size limit for this warning via build.chunkSizeWarningLimit.
✓ built in 5.56s
Static routes generated: 18
